func Main()
   t.0 = Add(12 21)
   PrintIntS(t.0)
   ret

func AllocArray(size)
   bytes = MulS(size 4)
   bytes = Add(bytes 4)
   v = HeapAllocZ(bytes)
   [v] = size
   ret v

