const vmt_A
   :A.run

func Main()
   t.0 = HeapAllocZ(4)
   [t.0] = :vmt_A
   if t.0 goto :null0
      Error("null pointer")
   null0:
   t.1 = [t.0]
   t.1 = [t.1+0]
   t.2 = call t.1(t.0)
   PrintIntS(t.2)
   ret

func A.run(this)
   PrintIntS(42)
   t.0 = 99
   ret t.0

func AllocArray(size)
   bytes = MulS(size 4)
   bytes = Add(bytes 4)
   v = HeapAllocZ(bytes)
   [v] = size
   ret v

