const vmt_LL
   :LL.Start

const vmt_Element
   :Element.GetSalary
   :Element.Init
   :Element.GetAge
   :Element.Equal
   :Element.GetMarried
   :Element.Compare

const vmt_List
   :List.Delete
   :List.Print
   :List.Init
   :List.GetElem
   :List.GetNext
   :List.SetNext
   :List.Search
   :List.GetEnd
   :List.InitNew
   :List.Insert

func Main()
   t.0 = HeapAllocZ(4)
   [t.0] = :vmt_LL
   if t.0 goto :null0
      Error("null pointer")
   null0:
   t.1 = [t.0]
   t.1 = [t.1+0]
   t.2 = call t.1(t.0)
   PrintIntS(t.2)
   ret

func Element.Init(this v_Age v_Salary v_Married)
   [this+12] = v_Age
   [this+4] = v_Salary
   [this+8] = v_Married
   t.0 = 1
   ret t.0

func Element.GetAge(this)
   t.0 = [this+12]
   ret t.0

func Element.GetSalary(this)
   t.0 = [this+4]
   ret t.0

func Element.GetMarried(this)
   t.0 = [this+8]
   ret t.0

func Element.Equal(this other)
   ret_val = 1
   if other goto :null1
      Error("null pointer")
   null1:
   t.0 = [other]
   t.0 = [t.0+8]
   t.1 = call t.0(other)
   aux01 = t.1
   t.2 = [this+12]
   t.3 = aux01
   t.4 = [this]
   t.4 = [t.4+20]
   t.5 = call t.4(this t.3 t.2)
   t.6 = Sub(1 t.5)
   if0 t.6 goto :if0_else
      ret_val = 0
      goto :if0_end
   if0_else:
      if other goto :null2
         Error("null pointer")
      null2:
      t.7 = [other]
      t.7 = [t.7+0]
      t.8 = call t.7(other)
      aux02 = t.8
      t.9 = [this+4]
      t.10 = aux02
      t.11 = [this]
      t.11 = [t.11+20]
      t.12 = call t.11(this t.10 t.9)
      t.13 = Sub(1 t.12)
      if0 t.13 goto :if1_else
         ret_val = 0
         goto :if1_end
      if1_else:
         if0 [this+8] goto :if2_else
            if other goto :null3
               Error("null pointer")
            null3:
            t.14 = [other]
            t.14 = [t.14+16]
            t.15 = call t.14(other)
            t.16 = Sub(1 t.15)
            if0 t.16 goto :if3_else
               ret_val = 0
               goto :if3_end
            if3_else:
               nt = 0
            if3_end:
            goto :if2_end
         if2_else:
            if other goto :null4
               Error("null pointer")
            null4:
            t.17 = [other]
            t.17 = [t.17+16]
            t.18 = call t.17(other)
            if0 t.18 goto :if4_else
               ret_val = 0
               goto :if4_end
            if4_else:
               nt = 0
            if4_end:
         if2_end:
      if1_end:
   if0_end:
   t.19 = ret_val
   ret t.19

func Element.Compare(this num1 num2)
   retval = 0
   t.0 = Add(num2 1)
   aux02 = t.0
   t.1 = LtS(num1 num2)
   if0 t.1 goto :if5_else
      retval = 0
      goto :if5_end
   if5_else:
      t.2 = LtS(num1 aux02)
      t.3 = Sub(1 t.2)
      if0 t.3 goto :if6_else
         retval = 0
         goto :if6_end
      if6_else:
         retval = 1
      if6_end:
   if5_end:
   t.4 = retval
   ret t.4

func List.Init(this)
   [this+12] = 1
   t.0 = 1
   ret t.0

func List.InitNew(this v_elem v_next v_end)
   [this+12] = v_end
   [this+4] = v_elem
   [this+8] = v_next
   t.0 = 1
   ret t.0

func List.Insert(this new_elem)
   aux03 = this
   t.0 = HeapAllocZ(16)
   [t.0] = :vmt_List
   aux02 = t.0
   t.1 = aux03
   t.2 = 0
   t.3 = new_elem
   if aux02 goto :null5
      Error("null pointer")
   null5:
   t.4 = [aux02]
   t.4 = [t.4+32]
   t.5 = call t.4(aux02 t.3 t.1 t.2)
   ret_val = t.5
   t.6 = aux02
   ret t.6

func List.SetNext(this v_next)
   [this+8] = v_next
   t.0 = 1
   ret t.0

func List.Delete(this e)
   my_head = this
   ret_val = 0
   t.0 = Sub(0 1)
   aux04 = t.0
   aux01 = this
   prev = this
   var_end = [this+12]
   var_elem = [this+4]
   while0_top:
   t.1 = Sub(1 var_end)
   t.3 = t.1
   if0 t.3 goto :ss0_else
      t.4 = Sub(1 ret_val)
      t.2 = t.4
      goto :ss0_end
   ss0_else:
      t.2 = 0
   ss0_end:
   if0 t.2 goto :while0_end
      t.5 = var_elem
      if e goto :null6
         Error("null pointer")
      null6:
      t.6 = [e]
      t.6 = [t.6+12]
      t.7 = call t.6(e t.5)
      if0 t.7 goto :if7_else
         ret_val = 1
         t.8 = LtS(aux04 0)
         if0 t.8 goto :if8_else
            if aux01 goto :null7
               Error("null pointer")
            null7:
            t.9 = [aux01]
            t.9 = [t.9+16]
            t.10 = call t.9(aux01)
            my_head = t.10
            goto :if8_end
         if8_else:
            t.11 = Sub(0 555)
            PrintIntS(t.11)
            if aux01 goto :null8
               Error("null pointer")
            null8:
            t.12 = [aux01]
            t.12 = [t.12+16]
            t.13 = call t.12(aux01)
            t.14 = t.13
            if prev goto :null9
               Error("null pointer")
            null9:
            t.15 = [prev]
            t.15 = [t.15+20]
            t.16 = call t.15(prev t.14)
            aux05 = t.16
            t.17 = Sub(0 555)
            PrintIntS(t.17)
         if8_end:
         goto :if7_end
      if7_else:
         nt = 0
      if7_end:
      t.18 = Sub(1 ret_val)
      if0 t.18 goto :if9_else
         prev = aux01
         if aux01 goto :null10
            Error("null pointer")
         null10:
         t.19 = [aux01]
         t.19 = [t.19+16]
         t.20 = call t.19(aux01)
         aux01 = t.20
         if aux01 goto :null11
            Error("null pointer")
         null11:
         t.21 = [aux01]
         t.21 = [t.21+28]
         t.22 = call t.21(aux01)
         var_end = t.22
         if aux01 goto :null12
            Error("null pointer")
         null12:
         t.23 = [aux01]
         t.23 = [t.23+12]
         t.24 = call t.23(aux01)
         var_elem = t.24
         aux04 = 1
         goto :if9_end
      if9_else:
         nt = 0
      if9_end:
      goto :while0_top
   while0_end:
   t.25 = my_head
   ret t.25

func List.Search(this e)
   int_ret_val = 0
   aux01 = this
   var_end = [this+12]
   var_elem = [this+4]
   while1_top:
   t.0 = Sub(1 var_end)
   if0 t.0 goto :while1_end
      t.1 = var_elem
      if e goto :null13
         Error("null pointer")
      null13:
      t.2 = [e]
      t.2 = [t.2+12]
      t.3 = call t.2(e t.1)
      if0 t.3 goto :if10_else
         int_ret_val = 1
         goto :if10_end
      if10_else:
         nt = 0
      if10_end:
      if aux01 goto :null14
         Error("null pointer")
      null14:
      t.4 = [aux01]
      t.4 = [t.4+16]
      t.5 = call t.4(aux01)
      aux01 = t.5
      if aux01 goto :null15
         Error("null pointer")
      null15:
      t.6 = [aux01]
      t.6 = [t.6+28]
      t.7 = call t.6(aux01)
      var_end = t.7
      if aux01 goto :null16
         Error("null pointer")
      null16:
      t.8 = [aux01]
      t.8 = [t.8+12]
      t.9 = call t.8(aux01)
      var_elem = t.9
      goto :while1_top
   while1_end:
   t.10 = int_ret_val
   ret t.10

func List.GetEnd(this)
   t.0 = [this+12]
   ret t.0

func List.GetElem(this)
   t.0 = [this+4]
   ret t.0

func List.GetNext(this)
   t.0 = [this+8]
   ret t.0

func List.Print(this)
   aux01 = this
   var_end = [this+12]
   var_elem = [this+4]
   while2_top:
   t.0 = Sub(1 var_end)
   if0 t.0 goto :while2_end
      if var_elem goto :null17
         Error("null pointer")
      null17:
      t.1 = [var_elem]
      t.1 = [t.1+8]
      t.2 = call t.1(var_elem)
      PrintIntS(t.2)
      if aux01 goto :null18
         Error("null pointer")
      null18:
      t.3 = [aux01]
      t.3 = [t.3+16]
      t.4 = call t.3(aux01)
      aux01 = t.4
      if aux01 goto :null19
         Error("null pointer")
      null19:
      t.5 = [aux01]
      t.5 = [t.5+28]
      t.6 = call t.5(aux01)
      var_end = t.6
      if aux01 goto :null20
         Error("null pointer")
      null20:
      t.7 = [aux01]
      t.7 = [t.7+12]
      t.8 = call t.7(aux01)
      var_elem = t.8
      goto :while2_top
   while2_end:
   t.9 = 1
   ret t.9

func LL.Start(this)
   t.0 = HeapAllocZ(16)
   [t.0] = :vmt_List
   last_elem = t.0
   if last_elem goto :null21
      Error("null pointer")
   null21:
   t.1 = [last_elem]
   t.1 = [t.1+8]
   t.2 = call t.1(last_elem)
   aux01 = t.2
   head = last_elem
   if head goto :null22
      Error("null pointer")
   null22:
   t.3 = [head]
   t.3 = [t.3+8]
   t.4 = call t.3(head)
   aux01 = t.4
   if head goto :null23
      Error("null pointer")
   null23:
   t.5 = [head]
   t.5 = [t.5+4]
   t.6 = call t.5(head)
   aux01 = t.6
   t.7 = HeapAllocZ(16)
   [t.7] = :vmt_Element
   el01 = t.7
   t.8 = 37000
   t.9 = 0
   t.10 = 25
   if el01 goto :null24
      Error("null pointer")
   null24:
   t.11 = [el01]
   t.11 = [t.11+4]
   t.12 = call t.11(el01 t.10 t.8 t.9)
   aux01 = t.12
   t.13 = el01
   if head goto :null25
      Error("null pointer")
   null25:
   t.14 = [head]
   t.14 = [t.14+36]
   t.15 = call t.14(head t.13)
   head = t.15
   if head goto :null26
      Error("null pointer")
   null26:
   t.16 = [head]
   t.16 = [t.16+4]
   t.17 = call t.16(head)
   aux01 = t.17
   PrintIntS(10000000)
   t.18 = HeapAllocZ(16)
   [t.18] = :vmt_Element
   el01 = t.18
   t.19 = 42000
   t.20 = 1
   t.21 = 39
   if el01 goto :null27
      Error("null pointer")
   null27:
   t.22 = [el01]
   t.22 = [t.22+4]
   t.23 = call t.22(el01 t.21 t.19 t.20)
   aux01 = t.23
   el02 = el01
   t.24 = el01
   if head goto :null28
      Error("null pointer")
   null28:
   t.25 = [head]
   t.25 = [t.25+36]
   t.26 = call t.25(head t.24)
   head = t.26
   if head goto :null29
      Error("null pointer")
   null29:
   t.27 = [head]
   t.27 = [t.27+4]
   t.28 = call t.27(head)
   aux01 = t.28
   PrintIntS(10000000)
   t.29 = HeapAllocZ(16)
   [t.29] = :vmt_Element
   el01 = t.29
   t.30 = 34000
   t.31 = 0
   t.32 = 22
   if el01 goto :null30
      Error("null pointer")
   null30:
   t.33 = [el01]
   t.33 = [t.33+4]
   t.34 = call t.33(el01 t.32 t.30 t.31)
   aux01 = t.34
   t.35 = el01
   if head goto :null31
      Error("null pointer")
   null31:
   t.36 = [head]
   t.36 = [t.36+36]
   t.37 = call t.36(head t.35)
   head = t.37
   if head goto :null32
      Error("null pointer")
   null32:
   t.38 = [head]
   t.38 = [t.38+4]
   t.39 = call t.38(head)
   aux01 = t.39
   t.40 = HeapAllocZ(16)
   [t.40] = :vmt_Element
   el03 = t.40
   t.41 = 34000
   t.42 = 0
   t.43 = 27
   if el03 goto :null33
      Error("null pointer")
   null33:
   t.44 = [el03]
   t.44 = [t.44+4]
   t.45 = call t.44(el03 t.43 t.41 t.42)
   aux01 = t.45
   t.46 = el02
   if head goto :null34
      Error("null pointer")
   null34:
   t.47 = [head]
   t.47 = [t.47+24]
   t.48 = call t.47(head t.46)
   PrintIntS(t.48)
   t.49 = el03
   if head goto :null35
      Error("null pointer")
   null35:
   t.50 = [head]
   t.50 = [t.50+24]
   t.51 = call t.50(head t.49)
   PrintIntS(t.51)
   PrintIntS(10000000)
   t.52 = HeapAllocZ(16)
   [t.52] = :vmt_Element
   el01 = t.52
   t.53 = 35000
   t.54 = 0
   t.55 = 28
   if el01 goto :null36
      Error("null pointer")
   null36:
   t.56 = [el01]
   t.56 = [t.56+4]
   t.57 = call t.56(el01 t.55 t.53 t.54)
   aux01 = t.57
   t.58 = el01
   if head goto :null37
      Error("null pointer")
   null37:
   t.59 = [head]
   t.59 = [t.59+36]
   t.60 = call t.59(head t.58)
   head = t.60
   if head goto :null38
      Error("null pointer")
   null38:
   t.61 = [head]
   t.61 = [t.61+4]
   t.62 = call t.61(head)
   aux01 = t.62
   PrintIntS(2220000)
   t.63 = el02
   if head goto :null39
      Error("null pointer")
   null39:
   t.64 = [head]
   t.64 = [t.64+0]
   t.65 = call t.64(head t.63)
   head = t.65
   if head goto :null40
      Error("null pointer")
   null40:
   t.66 = [head]
   t.66 = [t.66+4]
   t.67 = call t.66(head)
   aux01 = t.67
   PrintIntS(33300000)
   t.68 = el01
   if head goto :null41
      Error("null pointer")
   null41:
   t.69 = [head]
   t.69 = [t.69+0]
   t.70 = call t.69(head t.68)
   head = t.70
   if head goto :null42
      Error("null pointer")
   null42:
   t.71 = [head]
   t.71 = [t.71+4]
   t.72 = call t.71(head)
   aux01 = t.72
   PrintIntS(44440000)
   t.73 = 0
   ret t.73

func AllocArray(size)
   bytes = MulS(size 4)
   bytes = Add(bytes 4)
   v = HeapAllocZ(bytes)
   [v] = size
   ret v

