const vmt_MT4
   :MT4.Start
   :MT4.Change

func Main()
   t.0 = HeapAllocZ(4)
   [t.0] = :vmt_MT4
   t.1 = 2
   t.2 = 3
   t.3 = 4
   t.4 = 5
   t.5 = 6
   t.6 = 1
   if t.0 goto :null0
      Error("null pointer")
   null0:
   t.7 = [t.0]
   t.7 = [t.7+0]
   t.8 = call t.7(t.0 t.6 t.1 t.2 t.3 t.4 t.5)
   PrintIntS(t.8)
   ret

func MT4.Start(this p1 p2 p3 p4 p5 p6)
   PrintIntS(p1)
   PrintIntS(p2)
   PrintIntS(p3)
   PrintIntS(p4)
   PrintIntS(p5)
   PrintIntS(p6)
   t.0 = p5
   t.1 = p4
   t.2 = p3
   t.3 = p2
   t.4 = p1
   t.5 = p6
   t.6 = [this]
   t.6 = [t.6+4]
   t.7 = call t.6(this t.5 t.0 t.1 t.2 t.3 t.4)
   aux = t.7
   t.8 = aux
   ret t.8

func MT4.Change(this p1 p2 p3 p4 p5 p6)
   PrintIntS(p1)
   PrintIntS(p2)
   PrintIntS(p3)
   PrintIntS(p4)
   PrintIntS(p5)
   PrintIntS(p6)
   t.0 = 0
   ret t.0

func AllocArray(size)
   bytes = MulS(size 4)
   bytes = Add(bytes 4)
   v = HeapAllocZ(bytes)
   [v] = size
   ret v

